Defaulting to user installation because normal site-packages is not writeable
Requirement already satisfied: polars in /home/dtm63837/.local/lib/python3.12/site-packages (1.40.1)
Requirement already satisfied: polars-runtime-32==1.40.1 in /home/dtm63837/.local/lib/python3.12/site-packages (from polars) (1.40.1)

[notice] A new release of pip is available: 24.0 -> 26.2.1
[notice] To update, run: pip install --upgrade pip
Defaulting to user installation because normal site-packages is not writeable
Requirement already satisfied: pandas in /home/dtm63837/.local/lib/python3.12/site-packages (3.0.3)
Requirement already satisfied: numpy>=1.26.0 in /home/dtm63837/.local/lib/python3.12/site-packages (from pandas) (2.4.6)
Requirement already satisfied: python-dateutil>=2.8.2 in /home/dtm63837/.local/lib/python3.12/site-packages (from pandas) (2.9.0.post0)
Requirement already satisfied: six>=1.5 in /home/dtm63837/.local/lib/python3.12/site-packages (from python-dateutil>=2.8.2->pandas) (1.17.0)

[notice] A new release of pip is available: 24.0 -> 26.2.1
[notice] To update, run: pip install --upgrade pip
Defaulting to user installation because normal site-packages is not writeable
Requirement already satisfied: numpy in /home/dtm63837/.local/lib/python3.12/site-packages (2.4.6)

[notice] A new release of pip is available: 24.0 -> 26.2.1
[notice] To update, run: pip install --upgrade pip
Defaulting to user installation because normal site-packages is not writeable
Requirement already satisfied: scipy in /home/dtm63837/.local/lib/python3.12/site-packages (1.15.3)
Requirement already satisfied: numpy<2.5,>=1.23.5 in /home/dtm63837/.local/lib/python3.12/site-packages (from scipy) (2.4.6)

[notice] A new release of pip is available: 24.0 -> 26.2.1
[notice] To update, run: pip install --upgrade pip
  File "/scratch/dtm63837/Kilts_Panel/LOV_CC_2YP/Code/dat_expo/panel_merge.py", line 96
    'retailer': retailers',
                         ^
SyntaxError: unterminated string literal (detected at line 96)
