Defaulting to user installation because normal site-packages is not writeable
Requirement already satisfied: polars in /home/dtm63837/.local/lib/python3.12/site-packages (1.40.1)
Requirement already satisfied: polars-runtime-32==1.40.1 in /home/dtm63837/.local/lib/python3.12/site-packages (from polars) (1.40.1)

[notice] A new release of pip is available: 24.0 -> 26.2.1
[notice] To update, run: pip install --upgrade pip
Defaulting to user installation because normal site-packages is not writeable
Requirement already satisfied: pandas in /home/dtm63837/.local/lib/python3.12/site-packages (3.0.3)
Requirement already satisfied: numpy>=1.26.0 in /home/dtm63837/.local/lib/python3.12/site-packages (from pandas) (2.4.6)
Requirement already satisfied: python-dateutil>=2.8.2 in /home/dtm63837/.local/lib/python3.12/site-packages (from pandas) (2.9.0.post0)
Requirement already satisfied: six>=1.5 in /home/dtm63837/.local/lib/python3.12/site-packages (from python-dateutil>=2.8.2->pandas) (1.17.0)

[notice] A new release of pip is available: 24.0 -> 26.2.1
[notice] To update, run: pip install --upgrade pip
Defaulting to user installation because normal site-packages is not writeable
Requirement already satisfied: numpy in /home/dtm63837/.local/lib/python3.12/site-packages (2.4.6)

[notice] A new release of pip is available: 24.0 -> 26.2.1
[notice] To update, run: pip install --upgrade pip
Defaulting to user installation because normal site-packages is not writeable
Requirement already satisfied: scipy in /home/dtm63837/.local/lib/python3.12/site-packages (1.15.3)
Requirement already satisfied: numpy<2.5,>=1.23.5 in /home/dtm63837/.local/lib/python3.12/site-packages (from scipy) (2.4.6)

[notice] A new release of pip is available: 24.0 -> 26.2.1
[notice] To update, run: pip install --upgrade pip
Loading panelists, 2022
panelists loaded
Loading panelists, 2023
panelists loaded
Loading panelists, 2024
panelists loaded
Loading purchases, 2022
purchases loaded
Loading purchases, 2023
purchases loaded
Loading purchases, 2024
purchases loaded
Loading trips, 2022
trips loaded
Loading trips, 2023
trips loaded
Loading trips, 2024
trips loaded
Loading product_attr, 2022
product_attr loaded
Loading product_attr, 2023
product_attr loaded
Loading product_attr, 2024
product_attr loaded
Loading product_desc, 2022
product_desc loaded
Loading product_desc, 2023
product_desc loaded
Loading product_desc, 2024
product_desc loaded
Loading retailers, 2022
retailers loaded
Loading retailers, 2023
retailers loaded
Loading retailers, 2024
retailers loaded
Traceback (most recent call last):
  File "/scratch/dtm63837/Kilts_Panel/LOV_CC_2YP/Code/dat_expo/panel_merge.py", line 49, in <module>
    .sink_parquet('/scratch/dtm63837/Kilts_Panel/nielsen_extracts/HMS/master_panel.parquet')
     ^^^^^^^^^^^^^^^^^^^^^^^^^^^^^^^^^^^^^^^^^^^^^^^^^^^^^^^^^^^^^^^^^^^^^^^^^^^^^^^^^^^^^^^
  File "/home/dtm63837/.local/lib/python3.12/site-packages/polars/lazyframe/frame.py", line 2982, in sink_parquet
    ldf.collect(engine=engine)
  File "/home/dtm63837/.local/lib/python3.12/site-packages/polars/_utils/deprecation.py", line 97, in wrapper
    return function(*args, **kwargs)
           ^^^^^^^^^^^^^^^^^^^^^^^^^
  File "/home/dtm63837/.local/lib/python3.12/site-packages/polars/lazyframe/opt_flags.py", line 343, in wrapper
    return function(*args, **kwargs)
           ^^^^^^^^^^^^^^^^^^^^^^^^^
  File "/home/dtm63837/.local/lib/python3.12/site-packages/polars/lazyframe/frame.py", line 2510, in collect
    return wrap_df(ldf.collect(engine, callback))
                   ^^^^^^^^^^^^^^^^^^^^^^^^^^^^^
FileNotFoundError: No such file or directory (os error 2): /scratch/dtm63837/Kilts_Panel/nielsen_extracts/HMS/retailers_2024.parquet
