Defaulting to user installation because normal site-packages is not writeable
Requirement already satisfied: polars in /home/dtm63837/.local/lib/python3.12/site-packages (1.40.1)
Requirement already satisfied: polars-runtime-32==1.40.1 in /home/dtm63837/.local/lib/python3.12/site-packages (from polars) (1.40.1)

[notice] A new release of pip is available: 24.0 -> 26.2.1
[notice] To update, run: pip install --upgrade pip
Defaulting to user installation because normal site-packages is not writeable
Requirement already satisfied: pandas in /home/dtm63837/.local/lib/python3.12/site-packages (3.0.3)
Requirement already satisfied: numpy>=1.26.0 in /home/dtm63837/.local/lib/python3.12/site-packages (from pandas) (2.4.6)
Requirement already satisfied: python-dateutil>=2.8.2 in /home/dtm63837/.local/lib/python3.12/site-packages (from pandas) (2.9.0.post0)
Requirement already satisfied: six>=1.5 in /home/dtm63837/.local/lib/python3.12/site-packages (from python-dateutil>=2.8.2->pandas) (1.17.0)

[notice] A new release of pip is available: 24.0 -> 26.2.1
[notice] To update, run: pip install --upgrade pip
Defaulting to user installation because normal site-packages is not writeable
Requirement already satisfied: numpy in /home/dtm63837/.local/lib/python3.12/site-packages (2.4.6)

[notice] A new release of pip is available: 24.0 -> 26.2.1
[notice] To update, run: pip install --upgrade pip
Defaulting to user installation because normal site-packages is not writeable
Requirement already satisfied: scipy in /home/dtm63837/.local/lib/python3.12/site-packages (1.15.3)
Requirement already satisfied: numpy<2.5,>=1.23.5 in /home/dtm63837/.local/lib/python3.12/site-packages (from scipy) (2.4.6)

[notice] A new release of pip is available: 24.0 -> 26.2.1
[notice] To update, run: pip install --upgrade pip
loading panelists 2022
Panelists converted for 2022
loading purchases
Traceback (most recent call last):
  File "/scratch/dtm63837/Kilts_Panel/LOV_CC_2YP/Code/dat_expo/datCreate/panel_convert.py", line 16, in <module>
    .sink_parquet(f'../../nielsen_extracts/purchases_{y}.parquet')
     ^^^^^^^^^^^^^^^^^^^^^^^^^^^^^^^^^^^^^^^^^^^^^^^^^^^^^^^^^^^^^
  File "/home/dtm63837/.local/lib/python3.12/site-packages/polars/lazyframe/frame.py", line 2982, in sink_parquet
    ldf.collect(engine=engine)
  File "/home/dtm63837/.local/lib/python3.12/site-packages/polars/_utils/deprecation.py", line 97, in wrapper
    return function(*args, **kwargs)
           ^^^^^^^^^^^^^^^^^^^^^^^^^
  File "/home/dtm63837/.local/lib/python3.12/site-packages/polars/lazyframe/opt_flags.py", line 343, in wrapper
    return function(*args, **kwargs)
           ^^^^^^^^^^^^^^^^^^^^^^^^^
  File "/home/dtm63837/.local/lib/python3.12/site-packages/polars/lazyframe/frame.py", line 2510, in collect
    return wrap_df(ldf.collect(engine, callback))
                   ^^^^^^^^^^^^^^^^^^^^^^^^^^^^^
polars.exceptions.ComputeError: could not parse `"THAT'S A PEPPERONI!" PIZZA BI` as dtype `str` at column 'brand_descr_hms' (column number 10)

The current offset in the file is 445998 bytes.

You might want to try:
- increasing `infer_schema_length` (e.g. `infer_schema_length=10000`),
- specifying correct dtype with the `schema_overrides` argument
- setting `ignore_errors` to `True`,
- adding `"THAT'S A PEPPERONI!" PIZZA BI` to the `null_values` list.

Original error: ```invalid csv file

Field `"THAT'S A PEPPERONI!" PIZZA BI` is not properly escaped.```
