Defaulting to user installation because normal site-packages is not writeable
Requirement already satisfied: polars in /home/dtm63837/.local/lib/python3.12/site-packages (1.40.1)
Requirement already satisfied: polars-runtime-32==1.40.1 in /home/dtm63837/.local/lib/python3.12/site-packages (from polars) (1.40.1)

[notice] A new release of pip is available: 24.0 -> 26.2.1
[notice] To update, run: pip install --upgrade pip
Defaulting to user installation because normal site-packages is not writeable
Requirement already satisfied: pandas in /home/dtm63837/.local/lib/python3.12/site-packages (3.0.3)
Requirement already satisfied: numpy>=1.26.0 in /home/dtm63837/.local/lib/python3.12/site-packages (from pandas) (2.4.6)
Requirement already satisfied: python-dateutil>=2.8.2 in /home/dtm63837/.local/lib/python3.12/site-packages (from pandas) (2.9.0.post0)
Requirement already satisfied: six>=1.5 in /home/dtm63837/.local/lib/python3.12/site-packages (from python-dateutil>=2.8.2->pandas) (1.17.0)

[notice] A new release of pip is available: 24.0 -> 26.2.1
[notice] To update, run: pip install --upgrade pip
Defaulting to user installation because normal site-packages is not writeable
Requirement already satisfied: numpy in /home/dtm63837/.local/lib/python3.12/site-packages (2.4.6)

[notice] A new release of pip is available: 24.0 -> 26.2.1
[notice] To update, run: pip install --upgrade pip
Defaulting to user installation because normal site-packages is not writeable
Requirement already satisfied: scipy in /home/dtm63837/.local/lib/python3.12/site-packages (1.15.3)
Requirement already satisfied: numpy<2.5,>=1.23.5 in /home/dtm63837/.local/lib/python3.12/site-packages (from scipy) (2.4.6)

[notice] A new release of pip is available: 24.0 -> 26.2.1
[notice] To update, run: pip install --upgrade pip
Loading panelists, 2022
panelists loaded
Loading panelists, 2023
panelists loaded
Loading panelists, 2024
panelists loaded
Loading purchases, 2022
purchases loaded
Loading purchases, 2023
purchases loaded
Loading purchases, 2024
purchases loaded
Loading trips, 2022
trips loaded
Loading trips, 2023
trips loaded
Loading trips, 2024
trips loaded
Loading product_attr, 2022
product_attr loaded
Loading product_attr, 2023
product_attr loaded
Loading product_attr, 2024
product_attr loaded
Loading product_desc, 2022
product_desc loaded
Loading product_desc, 2023
product_desc loaded
Loading product_desc, 2024
product_desc loaded
Loading retailer, 2022
retailer loaded
Loading retailer, 2023
retailer loaded
Loading retailer, 2024
retailer loaded
Traceback (most recent call last):
  File "/scratch/dtm63837/Kilts_Panel/LOV_CC_2YP/Code/dat_expo/panel_merge.py", line 49, in <module>
    .sink_parquet('/scratch/dtm63837/Kilts_Panel/nielsen_extracts/HMS/master_panel.parquet')
     ^^^^^^^^^^^^^^^^^^^^^^^^^^^^^^^^^^^^^^^^^^^^^^^^^^^^^^^^^^^^^^^^^^^^^^^^^^^^^^^^^^^^^^^
  File "/home/dtm63837/.local/lib/python3.12/site-packages/polars/lazyframe/frame.py", line 2982, in sink_parquet
    ldf.collect(engine=engine)
  File "/home/dtm63837/.local/lib/python3.12/site-packages/polars/_utils/deprecation.py", line 97, in wrapper
    return function(*args, **kwargs)
           ^^^^^^^^^^^^^^^^^^^^^^^^^
  File "/home/dtm63837/.local/lib/python3.12/site-packages/polars/lazyframe/opt_flags.py", line 343, in wrapper
    return function(*args, **kwargs)
           ^^^^^^^^^^^^^^^^^^^^^^^^^
  File "/home/dtm63837/.local/lib/python3.12/site-packages/polars/lazyframe/frame.py", line 2510, in collect
    return wrap_df(ldf.collect(engine, callback))
                   ^^^^^^^^^^^^^^^^^^^^^^^^^^^^^
polars.exceptions.ColumnNotFoundError: "household_cd" not found

Resolved plan until failure:

	---> FAILED HERE RESOLVING 'sink' <---
UNION
  PLAN 0:
    simple π 52/52 ["household_code", "panel_year", ... 50 other columns]
       WITH_COLUMNS:
       [] 
        SELECT [col("household_code"), col("panel_year"), col("projection_factor"), col("projection_factor_magnet"), col("household_income"), col("household_size"), col("type_of_residence"), col("household_composition"), col("age_and_presence_of_children"), col("male_head_age"), col("female_head_age"), col("male_head_employment"), col("female_head_employment"), col("male_head_education"), col("female_head_education"), col("male_head_occupation"), col("female_head_occupation"), col("male_head_birth"), col("female_head_birth"), col("marital_status"), col("race"), col("hispanic_origin"), col("panelist_zip_code"), col("fips_state_code"), col("fips_county_code"), col("region_code"), col("kitchen_appliances"), col("tv_items"), col("household_internet_connection"), col("wic_indicator_current"), col("wic_indicator_ever_not_current"), col("member_1_birth"), col("member_1_relationship_sex"), col("member_1_employment"), col("member_2_birth"), col("member_2_relationship_sex"), col("member_2_employment"), col("member_3_birth"), col("member_3_relationship_sex"), col("member_3_employment"), col("member_4_birth"), col("member_4_relationship_sex"), col("member_4_employment"), col("member_5_birth"), col("member_5_relationship_sex"), col("member_5_employment"), col("member_6_birth"), col("member_6_relationship_sex"), col("member_6_employment"), col("member_7_birth"), col("member_7_relationship_sex"), col("member_7_employment")]
          Parquet SCAN [/scratch/dtm63837/Kilts_Panel/nielsen_extracts/HMS/panelists_2022.parquet]
          PROJECT */52 COLUMNS
          ESTIMATED ROWS: 56795
  PLAN 1:
    simple π 52/52 ["household_code", "panel_year", ... 50 other columns]
       WITH_COLUMNS:
       [] 
        SELECT [col("household_code"), col("panel_year"), col("projection_factor"), col("projection_factor_magnet"), col("household_income"), col("household_size"), col("type_of_residence"), col("household_composition"), col("age_and_presence_of_children"), col("male_head_age"), col("female_head_age"), col("male_head_employment"), col("female_head_employment"), col("male_head_education"), col("female_head_education"), col("male_head_occupation"), col("female_head_occupation"), col("male_head_birth"), col("female_head_birth"), col("marital_status"), col("race"), col("hispanic_origin"), col("panelist_zip_code"), col("fips_state_code"), col("fips_county_code"), col("region_code"), col("kitchen_appliances"), col("tv_items"), col("household_internet_connection"), col("wic_indicator_current"), col("wic_indicator_ever_not_current"), col("member_1_birth"), col("member_1_relationship_sex"), col("member_1_employment"), col("member_2_birth"), col("member_2_relationship_sex"), col("member_2_employment"), col("member_3_birth"), col("member_3_relationship_sex"), col("member_3_employment"), col("member_4_birth"), col("member_4_relationship_sex"), col("member_4_employment"), col("member_5_birth"), col("member_5_relationship_sex"), col("member_5_employment"), col("member_6_birth"), col("member_6_relationship_sex"), col("member_6_employment"), col("member_7_birth"), col("member_7_relationship_sex"), col("member_7_employment")]
          Parquet SCAN [/scratch/dtm63837/Kilts_Panel/nielsen_extracts/HMS/panelists_2023.parquet]
          PROJECT */52 COLUMNS
          ESTIMATED ROWS: 55733
  PLAN 2:
    simple π 52/52 ["household_code", "panel_year", ... 50 other columns]
       WITH_COLUMNS:
       [] 
        SELECT [col("household_code"), col("panel_year"), col("projection_factor"), col("projection_factor_magnet"), col("household_income"), col("household_size"), col("type_of_residence"), col("household_composition"), col("age_and_presence_of_children"), col("male_head_age"), col("female_head_age"), col("male_head_employment"), col("female_head_employment"), col("male_head_education"), col("female_head_education"), col("male_head_occupation"), col("female_head_occupation"), col("male_head_birth"), col("female_head_birth"), col("marital_status"), col("race"), col("hispanic_origin"), col("panelist_zip_code"), col("fips_state_code"), col("fips_county_code"), col("region_code"), col("kitchen_appliances"), col("tv_items"), col("household_internet_connection"), col("wic_indicator_current"), col("wic_indicator_ever_not_current"), col("member_1_birth"), col("member_1_relationship_sex"), col("member_1_employment"), col("member_2_birth"), col("member_2_relationship_sex"), col("member_2_employment"), col("member_3_birth"), col("member_3_relationship_sex"), col("member_3_employment"), col("member_4_birth"), col("member_4_relationship_sex"), col("member_4_employment"), col("member_5_birth"), col("member_5_relationship_sex"), col("member_5_employment"), col("member_6_birth"), col("member_6_relationship_sex"), col("member_6_employment"), col("member_7_birth"), col("member_7_relationship_sex"), col("member_7_employment")]
          Parquet SCAN [/scratch/dtm63837/Kilts_Panel/nielsen_extracts/HMS/panelists_2024.parquet]
          PROJECT */52 COLUMNS
          ESTIMATED ROWS: 54899
END UNION

This error occurred with the following context stack:
	[1] 'join right'
	[2] 'join'
	[3] 'join left'
	[4] 'join'
	[5] 'join left'
	[6] 'join'
	[7] 'join left'
	[8] 'join'
	[9] 'sink'

